// Jest Snapshot v1, https://goo.gl/fbAQLP

exports[`should render FilterButtons component correctly 1`] = `
Array [
  <Button
    active="2006launch_year"
    group="launch_year"
    handleClick={[Function]}
    key="0"
    value={
      Object {
        "id": "2006launch_year",
        "val": "2006",
      }
    }
  />,
  <Button
    active="2006launch_year"
    group="launch_year"
    handleClick={[Function]}
    key="1"
    value={
      Object {
        "id": "2007launch_year",
        "val": "2007",
      }
    }
  />,
]
`;
